Nexus benchmark — 1 agent(s) x 5 task(s)
run: 2026-09-27T17-44-45-420Z

  nexus-local :: fix-csv ... FAIL  (392.8s, 0 file(s), TIMED OUT)
  nexus-local :: fix-range ... FAIL  (448s, 2 file(s), TIMED OUT)
  nexus-local :: fix-stack ... FAIL  (358.1s, 0 file(s), TIMED OUT)
  nexus-local :: impl-fizzbuzz ... FAIL  (168.3s, 2 file(s))
  nexus-local :: multi-file ... FAIL  (346.7s, 0 file(s), TIMED OUT)

# Nexus coding-agent benchmark — 2026-09-27T17-44-45-420Z

Objective scoring: an agent passes a task only by making `node test.js` exit 0, in an isolated copy of the task. No opinion, no partial credit.

| task | nexus-local |
| --- | --- |
| fix-csv | FAIL (timeout) |
| fix-range | FAIL (timeout) |
| fix-stack | FAIL (timeout) |
| impl-fizzbuzz | FAIL |
| multi-file | FAIL (timeout) |

| agent | passed | pass rate | avg s (passed) |
| --- | --- | --- | --- |
| nexus-local | 0/5 | 0% | - |

Full report + per-run logs: /home/manav/projects/darknode-cli/bench/results/2026-09-27T17-44-45-420Z
